Archive member included to satisfy reference by file (symbol)

/Applications/CrossWorks for ARM 4.4/lib/libc_v7m_t_le_eabi.a(libc2_asm.o)
                              LoxDevices THUMB Debug/ctl_fifo.o (memcpy)
/Applications/CrossWorks for ARM 4.4/lib/libdebugio_v7m_t_le_eabi.a(libdebugio.o)
                              LoxDevices THUMB Debug/thumb_crt0.o (debug_fopen)
/Applications/CrossWorks for ARM 4.4/lib/libdebugio_v7m_t_le_eabi.a(libdebugio_asm.o)
                              LoxDevices THUMB Debug/main_ctl.o (debug_printf)
/Applications/CrossWorks for ARM 4.4/lib/libdebugio_mempoll_v7m_t_le_eabi.a(mempoll_debug_operations.o)
                              /Applications/CrossWorks for ARM 4.4/lib/libdebugio_v7m_t_le_eabi.a(libdebugio.o) (__do_debug_operation)
/Applications/CrossWorks for ARM 4.4/lib/libdebugio_mempoll_v7m_t_le_eabi.a(do_nv_debug_operation.o)
                              /Applications/CrossWorks for ARM 4.4/lib/libdebugio_v7m_t_le_eabi.a(libdebugio.o) (__do_nvdebug_operation)
/Applications/CrossWorks for ARM 4.4/lib/libm_v7m_t_le_eabi.a(libm_asm.o)
                              /Applications/CrossWorks for ARM 4.4/lib/libvfscanf_v7m_t_le_eabi.o (__aeabi_i2d)
/Applications/CrossWorks for ARM 4.4/lib/libm_v7m_t_le_eabi.a(libm2.o)
                              /Applications/CrossWorks for ARM 4.4/lib/libvfprintf_v7m_t_le_eabi.o (frexp)
/Applications/CrossWorks for ARM 4.4/lib/libm_v7m_t_le_eabi.a(libm2_asm.o)
                              /Applications/CrossWorks for ARM 4.4/lib/libm_v7m_t_le_eabi.a(libm2.o) (fabs)
/Applications/CrossWorks for ARM 4.4/lib/libc_v7m_t_le_eabi.a(libc_asm.o)
                              /Applications/CrossWorks for ARM 4.4/lib/libvfprintf_v7m_t_le_eabi.o (__aeabi_uldivmod)
/Applications/CrossWorks for ARM 4.4/lib/libc_v7m_t_le_eabi.a(libc2.o)
                              /Applications/CrossWorks for ARM 4.4/lib/libvfscanf_v7m_t_le_eabi.o (__getc)

Discarded input sections

 .text          0x0000000000000000        0x0 LoxDevices THUMB Debug/main_ctl.o
 .text          0x0000000000000000        0x0 LoxDevices THUMB Debug/ctl_fifo.o
 .text.ctl_fifo_num_used
                0x0000000000000000       0x36 LoxDevices THUMB Debug/ctl_fifo.o
 .text.ctl_fifo_capacity
                0x0000000000000000       0x10 LoxDevices THUMB Debug/ctl_fifo.o
 .text.ctl_fifo_element_size
                0x0000000000000000       0x10 LoxDevices THUMB Debug/ctl_fifo.o
 .text          0x0000000000000000        0x0 LoxDevices THUMB Debug/thumb_crt0.o
 .data          0x0000000000000000        0x0 LoxDevices THUMB Debug/thumb_crt0.o
 .bss           0x0000000000000000        0x0 LoxDevices THUMB Debug/thumb_crt0.o
 .text.__aeabi_read_tp
                0x0000000000000000        0x8 LoxDevices THUMB Debug/thumb_crt0.o
 .text.abort    0x0000000000000000        0x2 LoxDevices THUMB Debug/thumb_crt0.o
 .text.__assert
                0x0000000000000000        0x2 LoxDevices THUMB Debug/thumb_crt0.o
 .text.__aeabi_assert
                0x0000000000000000        0x2 LoxDevices THUMB Debug/thumb_crt0.o
 .text.__sync_synchronize
                0x0000000000000000        0x2 LoxDevices THUMB Debug/thumb_crt0.o
 .text.__getchar
                0x0000000000000000        0x4 LoxDevices THUMB Debug/thumb_crt0.o
 .text.__putchar
                0x0000000000000000        0x4 LoxDevices THUMB Debug/thumb_crt0.o
 .text.__open   0x0000000000000000        0x4 LoxDevices THUMB Debug/thumb_crt0.o
 .text.__close  0x0000000000000000        0x4 LoxDevices THUMB Debug/thumb_crt0.o
 .text.__write  0x0000000000000000        0xa LoxDevices THUMB Debug/thumb_crt0.o
 .text.__read   0x0000000000000000        0xa LoxDevices THUMB Debug/thumb_crt0.o
 .text.__seek   0x0000000000000000       0x1a LoxDevices THUMB Debug/thumb_crt0.o
 .bss.__user_locale_name_buffer
                0x0000000000000000        0x4 LoxDevices THUMB Debug/thumb_crt0.o
 .stack         0x0000000000000000        0x0 LoxDevices THUMB Debug/thumb_crt0.o
 .stack_process
                0x0000000000000000        0x0 LoxDevices THUMB Debug/thumb_crt0.o
 .heap          0x0000000000000000        0x0 LoxDevices THUMB Debug/thumb_crt0.o
 .text          0x0000000000000000        0x0 LoxDevices THUMB Debug/STM32_ctl.o
 .text.ctl_set_isr
                0x0000000000000000       0x62 LoxDevices THUMB Debug/STM32_ctl.o
 .text.ctl_unmask_isr
                0x0000000000000000       0x18 LoxDevices THUMB Debug/STM32_ctl.o
 .text.NVIC_EnableIRQ
                0x0000000000000000       0x2a LoxDevices THUMB Debug/STM32_ctl.o
 .text.ctl_mask_isr
                0x0000000000000000       0x18 LoxDevices THUMB Debug/STM32_ctl.o
 .text.NVIC_DisableIRQ
                0x0000000000000000       0x2a LoxDevices THUMB Debug/STM32_ctl.o
 .text.ctl_adjust_isr_priority
                0x0000000000000000       0x18 LoxDevices THUMB Debug/STM32_ctl.o
 .text.ctl_get_ticks_per_second
                0x0000000000000000        0x6 LoxDevices THUMB Debug/STM32_ctl.o
 .text.ctl_sleep
[...]
Memory Configuration

Name             Origin             Length             Attributes
UNPLACED_SECTIONS 0x0000000100000000 0x0000000000000000 xw
FLASH            0x0000000008000000 0x0000000000080000 xr
SYSTEM           0x000000001ffff000 0x0000000000000800 xw
OPTION           0x000000001ffff800 0x0000000000000010 xw
RAM              0x0000000020000000 0x0000000000010000 xw
APB1             0x0000000040000000 0x0000000000010000 xw
APB2             0x0000000040010000 0x0000000000008000 xw
SDIO             0x0000000040018000 0x0000000000000400 xw
AHB              0x0000000040020000 0x0000000000003400 xw
FSMC             0x00000000a0000000 0x0000000000001000 xw
PCCARD           0x0000000090000000 0x0000000000000000 xw
NAND2            0x0000000080000000 0x0000000000000000 xw
NAND1            0x0000000070000000 0x0000000000000000 xw
NOR_PSRAM4       0x000000006c000000 0x0000000000000000 xw
NOR_PSRAM3       0x0000000068000000 0x0000000000000000 xw
NOR_PSRAM2       0x0000000064000000 0x0000000000000000 xw
NOR_PSRAM1       0x0000000060000000 0x0000000000000000 xw
PPB              0x00000000e0000000 0x0000000000100000 xw
DBG              0x00000000e0042000 0x0000000000000010 xw
CM3_System_Control_Space 0x00000000e000e000 0x0000000000001000 xw
*default*        0x0000000000000000 0xffffffffffffffff

Linker script and memory map

                0x0000000000000000                __vfprintf = __vfprintf_float_long_long
                0x0000000000000000                __vfscanf = __vfscanf_float_long_long_cc
                0x0000000008000000                __FLASH_segment_start__ = 0x8000000
                0x0000000008080000                __FLASH_segment_end__ = 0x8080000
                0x0000000000080000                __FLASH_segment_size__ = 0x80000
                0x000000001ffff000                __SYSTEM_segment_start__ = 0x1ffff000
                0x000000001ffff800                __SYSTEM_segment_end__ = 0x1ffff800
                0x0000000000000800                __SYSTEM_segment_size__ = 0x800
                0x000000001ffff800                __OPTION_segment_start__ = 0x1ffff800
                0x000000001ffff810                __OPTION_segment_end__ = 0x1ffff810
                0x0000000000000010                __OPTION_segment_size__ = 0x10
                0x0000000020000000                __RAM_segment_start__ = 0x20000000
                0x0000000020010000                __RAM_segment_end__ = 0x20010000
                0x0000000000010000                __RAM_segment_size__ = 0x10000
                0x0000000040000000                __APB1_segment_start__ = 0x40000000
                0x0000000040010000                __APB1_segment_end__ = 0x40010000
                0x0000000000010000                __APB1_segment_size__ = 0x10000
                0x0000000040010000                __APB2_segment_start__ = 0x40010000
                0x0000000040018000                __APB2_segment_end__ = 0x40018000
                0x0000000000008000                __APB2_segment_size__ = 0x8000
                0x0000000040018000                __SDIO_segment_start__ = 0x40018000
                0x0000000040018400                __SDIO_segment_end__ = 0x40018400
                0x0000000000000400                __SDIO_segment_size__ = 0x400
                0x0000000040020000                __AHB_segment_start__ = 0x40020000
                0x0000000040023400                __AHB_segment_end__ = 0x40023400
                0x0000000000003400                __AHB_segment_size__ = 0x3400
                0x00000000a0000000                __FSMC_segment_start__ = 0xa0000000
                0x00000000a0001000                __FSMC_segment_end__ = 0xa0001000
                0x0000000000001000                __FSMC_segment_size__ = 0x1000
                0x0000000090000000                __PCCARD_segment_start__ = 0x90000000
                0x0000000090000000                __PCCARD_segment_end__ = 0x90000000
                0x0000000000000000                __PCCARD_segment_size__ = 0x0
                0x0000000080000000                __NAND2_segment_start__ = 0x80000000
                0x0000000080000000                __NAND2_segment_end__ = 0x80000000
                0x0000000000000000                __NAND2_segment_size__ = 0x0
                0x0000000070000000                __NAND1_segment_start__ = 0x70000000
                0x0000000070000000                __NAND1_segment_end__ = 0x70000000
                0x0000000000000000                __NAND1_segment_size__ = 0x0
                0x000000006c000000                __NOR_PSRAM4_segment_start__ = 0x6c000000
                0x000000006c000000                __NOR_PSRAM4_segment_end__ = 0x6c000000
                0x0000000000000000                __NOR_PSRAM4_segment_size__ = 0x0
                0x0000000068000000                __NOR_PSRAM3_segment_start__ = 0x68000000
                0x0000000068000000                __NOR_PSRAM3_segment_end__ = 0x68000000
                0x0000000000000000                __NOR_PSRAM3_segment_size__ = 0x0
                0x0000000064000000                __NOR_PSRAM2_segment_start__ = 0x64000000
                0x0000000064000000                __NOR_PSRAM2_segment_end__ = 0x64000000
                0x0000000000000000                __NOR_PSRAM2_segment_size__ = 0x0
                0x0000000060000000                __NOR_PSRAM1_segment_start__ = 0x60000000
                0x0000000060000000                __NOR_PSRAM1_segment_end__ = 0x60000000
                0x0000000000000000                __NOR_PSRAM1_segment_size__ = 0x0
                0x00000000e0000000                __PPB_segment_start__ = 0xe0000000
                0x00000000e0100000                __PPB_segment_end__ = 0xe0100000
                0x0000000000100000                __PPB_segment_size__ = 0x100000
                0x00000000e0042000                __DBG_segment_start__ = 0xe0042000
                0x00000000e0042010                __DBG_segment_end__ = 0xe0042010
                0x0000000000000010                __DBG_segment_size__ = 0x10
                0x00000000e000e000                __CM3_System_Control_Space_segment_start__ = 0xe000e000
                0x00000000e000f000                __CM3_System_Control_Space_segment_end__ = 0xe000f000
                0x0000000000001000                __CM3_System_Control_Space_segment_size__ = 0x1000
                0x0000000000000080                __HEAPSIZE__ = 0x80
                0x0000000000000000                __STACKSIZE_ABT__ = 0x0
                0x0000000000000000                __STACKSIZE_FIQ__ = 0x0
                0x0000000000000000                __STACKSIZE_IRQ__ = 0x0
                0x0000000000000400                __STACKSIZE_PROCESS__ = 0x400
                0x0000000000000000                __STACKSIZE_SVC__ = 0x0
                0x0000000000000000                __STACKSIZE_UND__ = 0x0
                0x0000000000000400                __STACKSIZE__ = 0x400
                0x0000000020000000                __vectors_ram_load_start__ = ALIGN (__RAM_segment_start__, 0x100)

.vectors_ram    0x0000000020000000        0x0
                0x0000000020000000                __vectors_ram_start__ = .
 *(.vectors_ram .vectors_ram.*)
                0x0000000020000000                __vectors_ram_end__ = (__vectors_ram_start__ + SIZEOF (.vectors_ram))
                0x0000000000000000                __vectors_ram_size__ = SIZEOF (.vectors_ram)
                0x0000000020000000                __vectors_ram_load_end__ = __vectors_ram_end__
                0x0000000000000001                . = ASSERT (((__vectors_ram_start__ == __vectors_ram_end__) || ((__vectors_ram_end__ - __RAM_segment_start__) <= __RAM_segment_size__)), error: .vectors_ram is too large to fit in RAM memory segment)
                0x0000000008000000                __vectors_load_start__ = ALIGN (__FLASH_segment_start__, 0x100)

.vectors        0x0000000008000000      0x130
                0x0000000008000000                __vectors_start__ = .
 *(.vectors .vectors.*)
 .vectors       0x0000000008000000      0x130 LoxDevices THUMB Debug/STM32_Startup.o
                0x0000000008000000                _vectors
                0x0000000008000130                __vectors_end__ = (__vectors_start__ + SIZEOF (.vectors))
                0x0000000000000130                __vectors_size__ = SIZEOF (.vectors)
                0x0000000008000130                __vectors_load_end__ = __vectors_end__
                0x0000000000000001                . = ASSERT (((__vectors_start__ == __vectors_end__) || ((__vectors_end__ - __FLASH_segment_start__) <= __FLASH_segment_size__)), error: .vectors is too large to fit in FLASH memory segment)
                0x0000000008000130                __init_load_start__ = ALIGN (__vectors_end__, 0x4)

.init           0x0000000008000130      0x268
                0x0000000008000130                __init_start__ = .
 *(.init .init.*)
 .init          0x0000000008000130      0x154 LoxDevices THUMB Debug/thumb_crt0.o
                0x0000000008000130                _start
                0x00000000080001e0                exit
 .init          0x0000000008000284       0x66 LoxDevices THUMB Debug/STM32_ctl_board.o
                0x0000000008000284                SystemInit
 *fill*         0x00000000080002ea        0x2 
 .init          0x00000000080002ec       0xac LoxDevices THUMB Debug/STM32_Startup.o
                0x00000000080002ec                NMI_Handler
                0x00000000080002ee                HardFault_Handler
                0x00000000080002f0                MemManage_Handler
                0x00000000080002f2                BusFault_Handler
                0x00000000080002f4                UsageFault_Handler
                0x00000000080002f6                SVC_Handler
                0x00000000080002f8                DebugMon_Handler
                0x00000000080002fe                WWDG_IRQHandler
                0x0000000008000300                PVD_IRQHandler
                0x0000000008000302                TAMPER_IRQHandler
                0x0000000008000304                RTC_IRQHandler
                0x0000000008000306                FLASH_IRQHandler
                0x0000000008000308                RCC_IRQHandler
                0x000000000800030a                EXTI0_IRQHandler
                0x000000000800030c                EXTI1_IRQHandler
                0x000000000800030e                EXTI2_IRQHandler
                0x0000000008000310                EXTI3_IRQHandler
                0x0000000008000312                EXTI4_IRQHandler
                0x0000000008000314                DMA1_Channel1_IRQHandler
                0x0000000008000316                DMA1_Channel2_IRQHandler
                0x0000000008000318                DMA1_Channel3_IRQHandler
                0x000000000800031a                DMA1_Channel4_IRQHandler
                0x000000000800031c                DMA1_Channel5_IRQHandler
                0x000000000800031e                DMA1_Channel6_IRQHandler
                0x0000000008000320                DMA1_Channel7_IRQHandler
                0x0000000008000322                ADC1_2_IRQHandler
                0x0000000008000324                USB_HP_CAN1_TX_IRQHandler
                0x0000000008000326                USB_LP_CAN1_RX0_IRQHandler
                0x0000000008000328                CAN1_RX1_IRQHandler
                0x000000000800032a                CAN1_SCE_IRQHandler
                0x000000000800032c                EXTI9_5_IRQHandler
                0x000000000800032e                TIM1_BRK_IRQHandler
                0x0000000008000330                TIM1_UP_IRQHandler
                0x0000000008000332                TIM1_TRG_COM_IRQHandler
                0x0000000008000334                TIM1_CC_IRQHandler
                0x0000000008000336                TIM2_IRQHandler
                0x0000000008000338                TIM3_IRQHandler
                0x000000000800033a                TIM4_IRQHandler
                0x000000000800033c                I2C1_EV_IRQHandler
                0x000000000800033e                I2C1_ER_IRQHandler
                0x0000000008000340                I2C2_EV_IRQHandler
                0x0000000008000342                I2C2_ER_IRQHandler
                0x0000000008000344                SPI1_IRQHandler
                0x0000000008000346                SPI2_IRQHandler
                0x0000000008000348                USART1_IRQHandler
                0x000000000800034a                USART2_IRQHandler
                0x000000000800034c                USART3_IRQHandler
                0x000000000800034e                EXTI15_10_IRQHandler
                0x0000000008000350                RTCAlarm_IRQHandler
                0x0000000008000352                USBWakeUp_IRQHandler
                0x0000000008000354                TIM8_BRK_IRQHandler
                0x0000000008000356                TIM8_UP_IRQHandler
                0x0000000008000358                TIM8_TRG_COM_IRQHandler
                0x000000000800035a                TIM8_CC_IRQHandler
                0x000000000800035c                ADC3_IRQHandler
                0x000000000800035e                FSMC_IRQHandler
                0x0000000008000360                SDIO_IRQHandler
                0x0000000008000362                TIM5_IRQHandler
                0x0000000008000364                SPI3_IRQHandler
                0x0000000008000366                UART4_IRQHandler
                0x0000000008000368                UART5_IRQHandler
                0x000000000800036a                TIM6_IRQHandler
                0x000000000800036c                TIM7_IRQHandler
                0x000000000800036e                DMA2_Channel1_IRQHandler
                0x0000000008000370                DMA2_Channel2_IRQHandler
                0x0000000008000372                DMA2_Channel3_IRQHandler
                0x0000000008000374                DMA2_Channel4_5_IRQHandler
                0x0000000008000376                reset_handler
                0x0000000008000398                __init_end__ = (__init_start__ + SIZEOF (.init))
                0x0000000000000268                __init_size__ = SIZEOF (.init)
                0x0000000008000398                __init_load_end__ = __init_end__
                0x0000000000000001                . = ASSERT (((__init_start__ == __init_end__) || ((__init_end__ - __FLASH_segment_start__) <= __FLASH_segment_size__)), error: .init is too large to fit in FLASH memory segment)
                0x0000000008000398                __init_rodata_load_start__ = ALIGN (__init_end__, 0x4)

.init_rodata    0x0000000008000398        0x0
                0x0000000008000398                __init_rodata_start__ = .
 *(.init_rodata .init_rodata.*)
                0x0000000008000398                __init_rodata_end__ = (__init_rodata_start__ + SIZEOF (.init_rodata))
                0x0000000000000000                __init_rodata_size__ = SIZEOF (.init_rodata)
                0x0000000008000398                __init_rodata_load_end__ = __init_rodata_end__
                0x0000000000000001                . = ASSERT (((__init_rodata_start__ == __init_rodata_end__) || ((__init_rodata_end__ - __FLASH_segment_start__) <= __FLASH_segment_size__)), error: .init_rodata is too large to fit in FLASH memory segment)
                0x0000000008000398                __text_load_start__ = ALIGN (__init_rodata_end__, 0x4)

.text           0x0000000008000398     0x13b4
                0x0000000008000398                __text_start__ = .
 *(.text .text.* .glue_7t .glue_7 .gnu.linkonce.t.* .gcc_except_table .ARM.extab* .gnu.linkonce.armextab.*)
 .glue_7        0x0000000008000398        0x0 linker stubs
 .glue_7t       0x0000000008000398        0x0 linker stubs
 .text.task_sender
                0x0000000008000398       0x72 LoxDevices THUMB Debug/main_ctl.o
                0x0000000008000398                task_sender
 .text.task_receiver
                0x000000000800040a       0x84 LoxDevices THUMB Debug/main_ctl.o
                0x000000000800040a                task_receiver
 .text.ctl_handle_error
                0x000000000800048e        0xe LoxDevices THUMB Debug/main_ctl.o
                0x000000000800048e                ctl_handle_error
 .text.main     0x000000000800049c       0xea LoxDevices THUMB Debug/main_ctl.o
                0x000000000800049c                main
 .text.ctl_fifo_init
                0x0000000008000586       0x60 LoxDevices THUMB Debug/ctl_fifo.o
                0x0000000008000586                ctl_fifo_init
 .text.ctl_fifo_add
                0x00000000080005e6       0xc8 LoxDevices THUMB Debug/ctl_fifo.o
                0x00000000080005e6                ctl_fifo_add
 .text.ctl_fifo_remove
                0x00000000080006ae       0xa6 LoxDevices THUMB Debug/ctl_fifo.o
                0x00000000080006ae                ctl_fifo_remove
 .text.ctl_fifo_peek
                0x0000000008000754       0x36 LoxDevices THUMB Debug/ctl_fifo.o
                0x0000000008000754                ctl_fifo_peek
 .text.SysTick_Handler
                0x000000000800078a      0x130 LoxDevices THUMB Debug/STM32_ctl.o
                0x000000000800078a                SysTick_Handler
 .text.ctl_set_priority
                0x00000000080008ba       0x20 LoxDevices THUMB Debug/STM32_ctl.o
                0x00000000080008ba                ctl_set_priority
 .text.NVIC_SetPriority
                0x00000000080008da       0x4c LoxDevices THUMB Debug/STM32_ctl.o
 .text.ctl_lowest_isr_priority
                0x0000000008000926        0x4 LoxDevices THUMB Debug/STM32_ctl.o
                0x0000000008000926                ctl_lowest_isr_priority
 .text.ctl_highest_isr_priority
                0x000000000800092a        0x4 LoxDevices THUMB Debug/STM32_ctl.o
                0x000000000800092a                ctl_highest_isr_priority
 .text.ctl_start_timer
                0x000000000800092e       0x92 LoxDevices THUMB Debug/STM32_ctl.o
                0x000000000800092e                ctl_start_timer
 .text.SetSysClock
                0x00000000080009c0        0x8 LoxDevices THUMB Debug/STM32_ctl_board.o
 .text.ctl_board_init
                0x00000000080009c8        0x2 LoxDevices THUMB Debug/STM32_ctl_board.o
                0x00000000080009c8                ctl_board_init
 .text.SetSysClockTo72
                0x00000000080009ca      0x126 LoxDevices THUMB Debug/STM32_ctl_board.o
 .text.ctl_private_add_to_task_list
                0x0000000008000af0       0xae LoxDevices THUMB Debug/ctl.o
                0x0000000008000af0                ctl_private_add_to_task_list
 .text.ctl_private_remove_from_task_list
                0x0000000008000b9e       0x88 LoxDevices THUMB Debug/ctl.o
                0x0000000008000b9e                ctl_private_remove_from_task_list
 .text.ctl_private_reschedule
                0x0000000008000c26      0x17a LoxDevices THUMB Debug/ctl.o
                0x0000000008000c26                ctl_private_reschedule
 .text.ctl_task_init
                0x0000000008000da0       0x62 LoxDevices THUMB Debug/ctl.o
                0x0000000008000da0                ctl_task_init
 .text.ctl_task_run
                0x0000000008000e02      0x106 LoxDevices THUMB Debug/ctl.o
                0x0000000008000e02                ctl_task_run
 .text.ctl_task_die
                0x0000000008000f08       0x5c LoxDevices THUMB Debug/ctl.o
                0x0000000008000f08                ctl_task_die
 .text.ctl_task_set_priority
                0x0000000008000f64       0x8c LoxDevices THUMB Debug/ctl.o
                0x0000000008000f64                ctl_task_set_priority
 .text.ctl_timeout_wait
                0x0000000008000ff0       0x62 LoxDevices THUMB Debug/ctl.o
                0x0000000008000ff0                ctl_timeout_wait
 .text.ctl_increment_tick_from_isr
                0x0000000008001052       0xe6 LoxDevices THUMB Debug/ctl.o
                0x0000000008001052                ctl_increment_tick_from_isr
 .text.__debug_io_lock
                0x0000000008001138       0x5a LoxDevices THUMB Debug/ctl_libc.o
                0x0000000008001138                __debug_io_lock
 .text.__debug_io_unlock
                0x0000000008001192       0x44 LoxDevices THUMB Debug/ctl_libc.o
                0x0000000008001192                __debug_io_unlock
 .text.ctl_events_init
                0x00000000080011d6       0x4a LoxDevices THUMB Debug/ctl_evt.o
                0x00000000080011d6                ctl_events_init
 .text.ctl_events_wait
                0x0000000008001220      0x1c8 LoxDevices THUMB Debug/ctl_evt.o
                0x0000000008001220                ctl_events_wait
 .text.ctl_private_events_schedule
                0x00000000080013e8       0xde LoxDevices THUMB Debug/ctl_evt.o
                0x00000000080013e8                ctl_private_events_schedule
 .text.ctl_events_set_clear
                0x00000000080014c6       0xbc LoxDevices THUMB Debug/ctl_evt.o
                0x00000000080014c6                ctl_events_set_clear
 *fill*         0x0000000008001582        0x2 
 .text.libctl   0x0000000008001584      0x134 LoxDevices THUMB Debug/ctl_cm3.o
                0x0000000008001584                ctl_private_get_stack_start
                0x0000000008001588                ctl_private_get_thread_local_storage
                0x000000000800158c                ctl_private_init_registers
                0x00000000080015e6                ctl_private_init_thread_local_storage
                0x0000000008001620                __aeabi_read_tp
                0x0000000008001632                ctl_private_reschedule_from_api_call
                0x0000000008001644                PendSV
                0x0000000008001644                PendSV_ISR
                0x0000000008001644                PendSV_Handler
 .text.libc.memcpy
                0x00000000080016b8       0x52 /Applications/CrossWorks for ARM 4.4/lib/libc_v7m_t_le_eabi.a(libc2_asm.o)
                0x00000000080016b8                memcpy
                0x00000000080016b8                __aeabi_memcpy
                0x00000000080016c4                __aeabi_memcpy4
                0x00000000080016c4                __aeabi_memcpy8
 .text.libc.debug_printf
                0x000000000800170a       0x12 /Applications/CrossWorks for ARM 4.4/lib/libdebugio_v7m_t_le_eabi.a(libdebugio_asm.o)
                0x000000000800170a                debug_printf
 .text.libdebugio.__do_debug_operation
                0x000000000800171c       0x30 /Applications/CrossWorks for ARM 4.4/lib/libdebugio_mempoll_v7m_t_le_eabi.a(mempoll_debug_operations.o)
                0x000000000800171c                __do_debug_operation
                0x000000000800174c                __text_end__ = (__text_start__ + SIZEOF (.text))
                0x00000000000013b4                __text_size__ = SIZEOF (.text)
                0x000000000800174c                __text_load_end__ = __text_end__

.vfp11_veneer   0x0000000100000000        0x0
 .vfp11_veneer  0x0000000100000000        0x0 linker stubs

.v4_bx          0x0000000100000000        0x0
 .v4_bx         0x0000000100000000        0x0 linker stubs

.iplt           0x0000000100000000        0x0
 .iplt          0x0000000100000000        0x0 LoxDevices THUMB Debug/main_ctl.o
                0x0000000000000001                . = ASSERT (((__text_start__ == __text_end__) || ((__text_end__ - __FLASH_segment_start__) <= __FLASH_segment_size__)), error: .text is too large to fit in FLASH memory segment)
                0x000000000800174c                __dtors_load_start__ = ALIGN (__text_end__, 0x4)

.dtors          0x000000000800174c        0x0
                0x000000000800174c                __dtors_start__ = .
 *(SORT_BY_NAME(.dtors.*))
 *(.dtors)
 *(.fini_array)
 *(SORT_BY_NAME(.fini_array.*))
                0x000000000800174c                __dtors_end__ = (__dtors_start__ + SIZEOF (.dtors))
                0x0000000000000000                __dtors_size__ = SIZEOF (.dtors)
                0x000000000800174c                __dtors_load_end__ = __dtors_end__
                0x0000000000000001                . = ASSERT (((__dtors_start__ == __dtors_end__) || ((__dtors_end__ - __FLASH_segment_start__) <= __FLASH_segment_size__)), error: .dtors is too large to fit in FLASH memory segment)
                0x000000000800174c                __ctors_load_start__ = ALIGN (__dtors_end__, 0x4)

.ctors          0x000000000800174c        0x0
                0x000000000800174c                __ctors_start__ = .
 *(SORT_BY_NAME(.ctors.*))
 *(.ctors)
 *(.init_array)
 *(SORT_BY_NAME(.init_array.*))
                0x000000000800174c                __ctors_end__ = (__ctors_start__ + SIZEOF (.ctors))
                0x0000000000000000                __ctors_size__ = SIZEOF (.ctors)
                0x000000000800174c                __ctors_load_end__ = __ctors_end__
                0x0000000000000001                . = ASSERT (((__ctors_start__ == __ctors_end__) || ((__ctors_end__ - __FLASH_segment_start__) <= __FLASH_segment_size__)), error: .ctors is too large to fit in FLASH memory segment)
                0x000000000800174c                __rodata_load_start__ = ALIGN (__ctors_end__, 0x4)

.rodata         0x000000000800174c       0x49
                0x000000000800174c                __rodata_start__ = .
 *(.rodata .rodata.* .gnu.linkonce.r.*)
 .rodata.str1.1
                0x000000000800174c       0x49 LoxDevices THUMB Debug/main_ctl.o
                0x0000000008001795                __rodata_end__ = (__rodata_start__ + SIZEOF (.rodata))
                0x0000000000000049                __rodata_size__ = SIZEOF (.rodata)
                0x0000000008001795                __rodata_load_end__ = __rodata_end__

.rel.dyn        0x0000000008000000        0x0
 .rel.iplt      0x0000000008000000        0x0 LoxDevices THUMB Debug/main_ctl.o
                0x0000000000000001                . = ASSERT (((__rodata_start__ == __rodata_end__) || ((__rodata_end__ - __FLASH_segment_start__) <= __FLASH_segment_size__)), error: .rodata is too large to fit in FLASH memory segment)
                0x0000000008001798                __ARM.exidx_load_start__ = ALIGN (__rodata_end__, 0x4)

.ARM.exidx      0x0000000008001798        0x0
                0x0000000008001798                __ARM.exidx_start__ = .
                0x0000000008001798                __exidx_start = __ARM.exidx_start__
 *(.ARM.exidx .ARM.exidx.*)
                0x0000000008001798                __ARM.exidx_end__ = (__ARM.exidx_start__ + SIZEOF (.ARM.exidx))
                0x0000000000000000                __ARM.exidx_size__ = SIZEOF (.ARM.exidx)
                0x0000000008001798                __exidx_end = __ARM.exidx_end__
                0x0000000008001798                __ARM.exidx_load_end__ = __ARM.exidx_end__
                0x0000000000000001                . = ASSERT (((__ARM.exidx_start__ == __ARM.exidx_end__) || ((__ARM.exidx_end__ - __FLASH_segment_start__) <= __FLASH_segment_size__)), error: .ARM.exidx is too large to fit in FLASH memory segment)
                0x0000000008001798                __fast_load_start__ = ALIGN (__ARM.exidx_end__, 0x4)

.fast           0x0000000020000000        0x0 load address 0x0000000008001798
                0x0000000020000000                __fast_start__ = .
 *(.fast .fast.*)
                0x0000000020000000                __fast_end__ = (__fast_start__ + SIZEOF (.fast))
                0x0000000000000000                __fast_size__ = SIZEOF (.fast)
                0x0000000008001798                __fast_load_end__ = (__fast_load_start__ + SIZEOF (.fast))
                0x0000000000000001                . = ASSERT (((__fast_load_start__ == __fast_load_end__) || ((__fast_load_end__ - __FLASH_segment_start__) <= __FLASH_segment_size__)), error: .fast is too large to fit in FLASH memory segment)

.fast_run       0x0000000020000000        0x0
                0x0000000020000000                __fast_run_start__ = .
                0x0000000020000000                . = MAX ((__fast_run_start__ + SIZEOF (.fast)), .)
                0x0000000020000000                __fast_run_end__ = (__fast_run_start__ + SIZEOF (.fast_run))
                0x0000000000000000                __fast_run_size__ = SIZEOF (.fast_run)
                0x0000000020000000                __fast_run_load_end__ = __fast_run_end__
                0x0000000000000001                . = ASSERT (((__fast_run_start__ == __fast_run_end__) || ((__fast_run_end__ - __RAM_segment_start__) <= __RAM_segment_size__)), error: .fast_run is too large to fit in RAM memory segment)
                0x0000000008001798                __data_load_start__ = ALIGN ((__fast_load_start__ + SIZEOF (.fast)), 0x4)

.data           0x0000000020000000       0x10 load address 0x0000000008001798
                0x0000000020000000                __data_start__ = .
 *(.data .data.* .gnu.linkonce.d.*)
 .data.SystemCoreClock
                0x0000000020000000        0x4 LoxDevices THUMB Debug/STM32_ctl_board.o
                0x0000000020000000                SystemCoreClock
 .data.ctl_timeslice_period
                0x0000000020000004        0x4 LoxDevices THUMB Debug/ctl.o
                0x0000000020000004                ctl_timeslice_period
 .data.ctl_time_increment
                0x0000000020000008        0x4 LoxDevices THUMB Debug/ctl.o
                0x0000000020000008                ctl_time_increment
 .data.ctl_libc_mutex
                0x000000002000000c        0x4 LoxDevices THUMB Debug/ctl_libc.o
                0x000000002000000c                ctl_libc_mutex
                0x0000000020000010                __data_end__ = (__data_start__ + SIZEOF (.data))
                0x0000000000000010                __data_size__ = SIZEOF (.data)
                0x00000000080017a8                __data_load_end__ = (__data_load_start__ + SIZEOF (.data))

.igot.plt       0x0000000100000000        0x0
 .igot.plt      0x0000000100000000        0x0 LoxDevices THUMB Debug/main_ctl.o
                0x0000000000000001                . = ASSERT (((__data_load_start__ == __data_load_end__) || ((__data_load_end__ - __FLASH_segment_start__) <= __FLASH_segment_size__)), error: .data is too large to fit in FLASH memory segment)

.data_run       0x0000000020000000       0x10 load address 0x0000000008001798
                0x0000000020000000                __data_run_start__ = .
                0x0000000020000010                . = MAX ((__data_run_start__ + SIZEOF (.data)), .)
 *fill*         0x0000000020000000       0x10 
                0x0000000020000010                __data_run_end__ = (__data_run_start__ + SIZEOF (.data_run))
                0x0000000000000010                __data_run_size__ = SIZEOF (.data_run)
                0x0000000020000010                __data_run_load_end__ = __data_run_end__
                0x0000000000000001                . = ASSERT (((__data_run_start__ == __data_run_end__) || ((__data_run_end__ - __RAM_segment_start__) <= __RAM_segment_size__)), error: .data_run is too large to fit in RAM memory segment)
                0x0000000020000010                __bss_load_start__ = ALIGN (__data_run_end__, 0x4)

.bss            0x0000000020000010      0x2e8
                0x0000000020000010                __bss_start__ = .
 *(.bss .bss.* .gnu.linkonce.b.*)
 .bss.gFifo     0x0000000020000010       0x1c LoxDevices THUMB Debug/main_ctl.o
 .bss.gEvent    0x000000002000002c        0x4 LoxDevices THUMB Debug/main_ctl.o
 .bss.main.main_task
                0x0000000020000030       0x2c LoxDevices THUMB Debug/main_ctl.o
 .bss.buffer    0x000000002000005c       0x10 LoxDevices THUMB Debug/main_ctl.o
 .bss.main.stack_sender
                0x000000002000006c      0x108 LoxDevices THUMB Debug/main_ctl.o
 .bss.main.sender
                0x0000000020000174       0x2c LoxDevices THUMB Debug/main_ctl.o
 .bss.main.stack_receiver
                0x00000000200001a0      0x108 LoxDevices THUMB Debug/main_ctl.o
 .bss.main.receiver
                0x00000000200002a8       0x2c LoxDevices THUMB Debug/main_ctl.o
 .bss.userTimerISR
                0x00000000200002d4        0x4 LoxDevices THUMB Debug/STM32_ctl.o
 .bss.ctl_task_list
                0x00000000200002d8        0x4 LoxDevices THUMB Debug/ctl.o
                0x00000000200002d8                ctl_task_list
 .bss.ctl_task_executing
                0x00000000200002dc        0x4 LoxDevices THUMB Debug/ctl.o
                0x00000000200002dc                ctl_task_executing
 .bss.ctl_current_time
                0x00000000200002e0        0x4 LoxDevices THUMB Debug/ctl.o
                0x00000000200002e0                ctl_current_time
 .bss.ctl_last_schedule_time
                0x00000000200002e4        0x4 LoxDevices THUMB Debug/ctl.o
                0x00000000200002e4                ctl_last_schedule_time
 .bss.ctl_task_switch_callout
                0x00000000200002e8        0x4 LoxDevices THUMB Debug/ctl.o
                0x00000000200002e8                ctl_task_switch_callout
 .bss.ctl_interrupt_count
                0x00000000200002ec        0x1 LoxDevices THUMB Debug/ctl.o
                0x00000000200002ec                ctl_interrupt_count
 .bss.ctl_reschedule_on_last_isr_exit
                0x00000000200002ed        0x1 LoxDevices THUMB Debug/ctl.o
                0x00000000200002ed                ctl_reschedule_on_last_isr_exit
 .bss.debug_io_lock_previous_priority
                0x00000000200002ee        0x1 LoxDevices THUMB Debug/ctl_libc.o
 *fill*         0x00000000200002ef        0x1 
 .bss.libdebugio.dbgCntrlWord_mempoll
                0x00000000200002f0        0x4 /Applications/CrossWorks for ARM 4.4/lib/libdebugio_mempoll_v7m_t_le_eabi.a(mempoll_debug_operations.o)
                0x00000000200002f0                dbgCntrlWord_mempoll
 .bss.libdebugio.dbgCommWord
                0x00000000200002f4        0x4 /Applications/CrossWorks for ARM 4.4/lib/libdebugio_mempoll_v7m_t_le_eabi.a(mempoll_debug_operations.o)
                0x00000000200002f4                dbgCommWord
 *(COMMON)
                0x00000000200002f8                __bss_end__ = (__bss_start__ + SIZEOF (.bss))
                0x00000000000002e8                __bss_size__ = SIZEOF (.bss)
                0x00000000200002f8                __bss_load_end__ = __bss_end__
                0x0000000000000001                . = ASSERT (((__bss_start__ == __bss_end__) || ((__bss_end__ - __RAM_segment_start__) <= __RAM_segment_size__)), error: .bss is too large to fit in RAM memory segment)
                0x00000000200002f8                __tbss_load_start__ = ALIGN (__bss_end__, 0x4)

.tbss           0x00000000200002f8        0x0
                0x00000000200002f8                __tbss_start__ = .
 *(.tbss .tbss.*)
                0x00000000200002f8                __tbss_end__ = (__tbss_start__ + SIZEOF (.tbss))
                0x0000000000000000                __tbss_size__ = SIZEOF (.tbss)
                0x00000000200002f8                __tbss_load_end__ = __tbss_end__
                0x0000000000000001                . = ASSERT (((__tbss_start__ == __tbss_end__) || ((__tbss_end__ - __RAM_segment_start__) <= __RAM_segment_size__)), error: .tbss is too large to fit in RAM memory segment)
                0x00000000080017a8                __tdata_load_start__ = ALIGN ((__data_load_start__ + SIZEOF (.data)), 0x4)

.tdata          0x00000000200002f8        0x0 load address 0x00000000080017a8
                0x00000000200002f8                __tdata_start__ = .
 *(.tdata .tdata.*)
                0x00000000200002f8                __tdata_end__ = (__tdata_start__ + SIZEOF (.tdata))
                0x0000000000000000                __tdata_size__ = SIZEOF (.tdata)
                0x00000000080017a8                __tdata_load_end__ = (__tdata_load_start__ + SIZEOF (.tdata))
                0x00000000080017a8                __FLASH_segment_used_end__ = (ALIGN ((__data_load_start__ + SIZEOF (.data)), 0x4) + SIZEOF (.tdata))
                0x00000000000017a8                __FLASH_segment_used_size__ = (__FLASH_segment_used_end__ - __FLASH_segment_start__)
                0x0000000000000001                . = ASSERT (((__tdata_load_start__ == __tdata_load_end__) || ((__tdata_load_end__ - __FLASH_segment_start__) <= __FLASH_segment_size__)), error: .tdata is too large to fit in FLASH memory segment)

.tdata_run      0x00000000200002f8        0x0
                0x00000000200002f8                __tdata_run_start__ = .
                0x00000000200002f8                . = MAX ((__tdata_run_start__ + SIZEOF (.tdata)), .)
                0x00000000200002f8                __tdata_run_end__ = (__tdata_run_start__ + SIZEOF (.tdata_run))
                0x0000000000000000                __tdata_run_size__ = SIZEOF (.tdata_run)
                0x00000000200002f8                __tdata_run_load_end__ = __tdata_run_end__
                0x0000000000000001                . = ASSERT (((__tdata_run_start__ == __tdata_run_end__) || ((__tdata_run_end__ - __RAM_segment_start__) <= __RAM_segment_size__)), error: .tdata_run is too large to fit in RAM memory segment)
                0x00000000200002f8                __non_init_load_start__ = ALIGN (__tdata_run_end__, 0x4)

.non_init       0x00000000200002f8        0x0
                0x00000000200002f8                __non_init_start__ = .
 *(.non_init .non_init.*)
                0x00000000200002f8                __non_init_end__ = (__non_init_start__ + SIZEOF (.non_init))
                0x0000000000000000                __non_init_size__ = SIZEOF (.non_init)
                0x00000000200002f8                __non_init_load_end__ = __non_init_end__
                0x0000000000000001                . = ASSERT (((__non_init_start__ == __non_init_end__) || ((__non_init_end__ - __RAM_segment_start__) <= __RAM_segment_size__)), error: .non_init is too large to fit in RAM memory segment)
                0x00000000200002f8                __heap_load_start__ = ALIGN (__non_init_end__, 0x4)

.heap           0x00000000200002f8       0x80
                0x00000000200002f8                __heap_start__ = .
 *(.heap .heap.*)
                0x0000000020000378                . = ALIGN (MAX ((__heap_start__ + __HEAPSIZE__), .), 0x4)
 *fill*         0x00000000200002f8       0x80 
                0x0000000020000378                __heap_end__ = (__heap_start__ + SIZEOF (.heap))
                0x0000000000000080                __heap_size__ = SIZEOF (.heap)
                0x0000000020000378                __heap_load_end__ = __heap_end__
                0x0000000000000001                . = ASSERT (((__heap_start__ == __heap_end__) || ((__heap_end__ - __RAM_segment_start__) <= __RAM_segment_size__)), error: .heap is too large to fit in RAM memory segment)
                0x0000000020000378                __stack_load_start__ = ALIGN (__heap_end__, 0x8)

.stack          0x0000000020000378      0x400
                0x0000000020000378                __stack_start__ = .
 *(.stack .stack.*)
                0x0000000020000778                . = ALIGN (MAX ((__stack_start__ + __STACKSIZE__), .), 0x8)
 *fill*         0x0000000020000378      0x400 
                0x0000000020000778                __stack_end__ = (__stack_start__ + SIZEOF (.stack))
                0x0000000000000400                __stack_size__ = SIZEOF (.stack)
                0x0000000020000778                __stack_load_end__ = __stack_end__
                0x0000000000000001                . = ASSERT (((__stack_start__ == __stack_end__) || ((__stack_end__ - __RAM_segment_start__) <= __RAM_segment_size__)), error: .stack is too large to fit in RAM memory segment)
                0x0000000020000778                __stack_process_load_start__ = ALIGN (__stack_end__, 0x8)

.stack_process  0x0000000020000778      0x400
                0x0000000020000778                __stack_process_start__ = .
 *(.stack_process .stack_process.*)
                0x0000000020000b78                . = ALIGN (MAX ((__stack_process_start__ + __STACKSIZE_PROCESS__), .), 0x8)
 *fill*         0x0000000020000778      0x400 
                0x0000000020000b78                __stack_process_end__ = (__stack_process_start__ + SIZEOF (.stack_process))
                0x0000000000000400                __stack_process_size__ = SIZEOF (.stack_process)
                0x0000000020000b78                __stack_process_load_end__ = __stack_process_end__
                0x0000000020000b78                __RAM_segment_used_end__ = (ALIGN (__stack_end__, 0x8) + SIZEOF (.stack_process))
                0x0000000000000b78                __RAM_segment_used_size__ = (__RAM_segment_used_end__ - __RAM_segment_start__)
                0x0000000000000001                . = ASSERT (((__stack_process_start__ == __stack_process_end__) || ((__stack_process_end__ - __RAM_segment_start__) <= __RAM_segment_size__)), error: .stack_process is too large to fit in RAM memory segment)
START GROUP
LOAD LoxDevices THUMB Debug/main_ctl.o
LOAD LoxDevices THUMB Debug/ctl_fifo.o
LOAD LoxDevices THUMB Debug/thumb_crt0.o
LOAD LoxDevices THUMB Debug/STM32_ctl.o
LOAD LoxDevices THUMB Debug/STM32_ctl_board.o
LOAD LoxDevices THUMB Debug/ctl.o
LOAD LoxDevices THUMB Debug/ctl_sem.o
LOAD LoxDevices THUMB Debug/ctl_mutex.o
LOAD LoxDevices THUMB Debug/ctl_mq.o
LOAD LoxDevices THUMB Debug/ctl_mem_blk.o
LOAD LoxDevices THUMB Debug/ctl_libc.o
LOAD LoxDevices THUMB Debug/ctl_evt.o
LOAD LoxDevices THUMB Debug/ctl_bq.o
LOAD LoxDevices THUMB Debug/ctl_cm3.o
LOAD LoxDevices THUMB Debug/ctl_cm3_int.o
LOAD LoxDevices THUMB Debug/STM32_Startup.o
LOAD /Users/sarnau/Library/Rowley Associates Limited/CrossWorks for ARM/v4/packages/libraries/libctl/lib/libctl_v7m_t_le_eabi.a
LOAD /Applications/CrossWorks for ARM 4.4/lib/libcm_v7m_t_le_eabi.a
LOAD /Applications/CrossWorks for ARM 4.4/lib/libdebugio_mempoll_v7m_t_le_eabi.a
LOAD /Applications/CrossWorks for ARM 4.4/lib/libm_v7m_t_le_eabi.a
LOAD /Applications/CrossWorks for ARM 4.4/lib/libc_v7m_t_le_eabi.a
LOAD /Applications/CrossWorks for ARM 4.4/lib/libcpp_v7m_t_le_eabi.a
LOAD /Applications/CrossWorks for ARM 4.4/lib/libdebugio_v7m_t_le_eabi.a
LOAD /Applications/CrossWorks for ARM 4.4/lib/libvfprintf_v7m_t_le_eabi.o
LOAD /Applications/CrossWorks for ARM 4.4/lib/libvfscanf_v7m_t_le_eabi.o
END GROUP
OUTPUT(LoxDevices THUMB Debug/LoxDevices.elf elf32-littlearm)

.debug_str      0x0000000000000000     0x1344
 .debug_str     0x0000000000000000      0x3dc LoxDevices THUMB Debug/main_ctl.o
                                        0x417 (size before relaxing)
 .debug_str     0x00000000000003dc       0xe0 LoxDevices THUMB Debug/ctl_fifo.o
                                        0x218 (size before relaxing)
 .debug_str     0x00000000000004bc       0x48 LoxDevices THUMB Debug/thumb_crt0.o
                                         0x7d (size before relaxing)
 .debug_str     0x0000000000000504      0x666 LoxDevices THUMB Debug/STM32_ctl.o
                                        0x803 (size before relaxing)
 .debug_str     0x0000000000000b6a      0x15e LoxDevices THUMB Debug/STM32_ctl_board.o
                                        0x2f4 (size before relaxing)
 .debug_str     0x0000000000000cc8      0x3bb LoxDevices THUMB Debug/ctl.o
                                        0x5f1 (size before relaxing)
 .debug_str     0x0000000000001083       0xfc LoxDevices THUMB Debug/ctl_libc.o
                                        0x280 (size before relaxing)
 .debug_str     0x000000000000117f       0xe7 LoxDevices THUMB Debug/ctl_evt.o
                                        0x597 (size before relaxing)
 .debug_str     0x0000000000001266       0x71 LoxDevices THUMB Debug/ctl_cm3.o
                                         0xb5 (size before relaxing)
 .debug_str     0x00000000000012d7       0x6d LoxDevices THUMB Debug/STM32_Startup.o
                                         0xb1 (size before relaxing)

.debug_abbrev   0x0000000000000000      0x8be
 .debug_abbrev  0x0000000000000000      0x125 LoxDevices THUMB Debug/main_ctl.o
 .debug_abbrev  0x0000000000000125       0xeb LoxDevices THUMB Debug/ctl_fifo.o
 .debug_abbrev  0x0000000000000210       0x12 LoxDevices THUMB Debug/thumb_crt0.o
 .debug_abbrev  0x0000000000000222      0x205 LoxDevices THUMB Debug/STM32_ctl.o
 .debug_abbrev  0x0000000000000427      0x155 LoxDevices THUMB Debug/STM32_ctl_board.o
 .debug_abbrev  0x000000000000057c      0x16d LoxDevices THUMB Debug/ctl.o
 .debug_abbrev  0x00000000000006e9       0x87 LoxDevices THUMB Debug/ctl_libc.o
 .debug_abbrev  0x0000000000000770      0x126 LoxDevices THUMB Debug/ctl_evt.o
 .debug_abbrev  0x0000000000000896       0x14 LoxDevices THUMB Debug/ctl_cm3.o
 .debug_abbrev  0x00000000000008aa       0x14 LoxDevices THUMB Debug/STM32_Startup.o

.debug_info     0x0000000000000000     0x2327
 .debug_info    0x0000000000000000      0x3eb LoxDevices THUMB Debug/main_ctl.o
 .debug_info    0x00000000000003eb      0x352 LoxDevices THUMB Debug/ctl_fifo.o
 .debug_info    0x000000000000073d       0x22 LoxDevices THUMB Debug/thumb_crt0.o
 .debug_info    0x000000000000075f      0x85c LoxDevices THUMB Debug/STM32_ctl.o
 .debug_info    0x0000000000000fbb      0x486 LoxDevices THUMB Debug/STM32_ctl_board.o
 .debug_info    0x0000000000001441      0x7c5 LoxDevices THUMB Debug/ctl.o
 .debug_info    0x0000000000001c06      0x12d LoxDevices THUMB Debug/ctl_libc.o
 .debug_info    0x0000000000001d33      0x5a8 LoxDevices THUMB Debug/ctl_evt.o
 .debug_info    0x00000000000022db       0x26 LoxDevices THUMB Debug/ctl_cm3.o
 .debug_info    0x0000000000002301       0x26 LoxDevices THUMB Debug/STM32_Startup.o

.debug_aranges  0x0000000000000000      0x410
 .debug_aranges
                0x0000000000000000       0x78 LoxDevices THUMB Debug/main_ctl.o
 .debug_aranges
                0x0000000000000078       0x50 LoxDevices THUMB Debug/ctl_fifo.o
 .debug_aranges
                0x00000000000000c8       0x80 LoxDevices THUMB Debug/thumb_crt0.o
 .debug_aranges
                0x0000000000000148       0x98 LoxDevices THUMB Debug/STM32_ctl.o
 .debug_aranges
                0x00000000000001e0       0x70 LoxDevices THUMB Debug/STM32_ctl_board.o
 .debug_aranges
                0x0000000000000250       0xc8 LoxDevices THUMB Debug/ctl.o
 .debug_aranges
                0x0000000000000318       0x68 LoxDevices THUMB Debug/ctl_libc.o
 .debug_aranges
                0x0000000000000380       0x50 LoxDevices THUMB Debug/ctl_evt.o
 .debug_aranges
                0x00000000000003d0       0x20 LoxDevices THUMB Debug/ctl_cm3.o
 .debug_aranges
                0x00000000000003f0       0x20 LoxDevices THUMB Debug/STM32_Startup.o

.debug_ranges   0x0000000000000000      0x2a0
 .debug_ranges  0x0000000000000000       0x28 LoxDevices THUMB Debug/main_ctl.o
 .debug_ranges  0x0000000000000028       0x40 LoxDevices THUMB Debug/ctl_fifo.o
 .debug_ranges  0x0000000000000068       0x78 LoxDevices THUMB Debug/thumb_crt0.o
 .debug_ranges  0x00000000000000e0       0x80 LoxDevices THUMB Debug/STM32_ctl.o
 .debug_ranges  0x0000000000000160       0x48 LoxDevices THUMB Debug/STM32_ctl_board.o
 .debug_ranges  0x00000000000001a8       0x70 LoxDevices THUMB Debug/ctl.o
 .debug_ranges  0x0000000000000218       0x48 LoxDevices THUMB Debug/ctl_libc.o
 .debug_ranges  0x0000000000000260       0x40 LoxDevices THUMB Debug/ctl_evt.o

.debug_macinfo  0x0000000000000000        0x7
 .debug_macinfo
                0x0000000000000000        0x1 LoxDevices THUMB Debug/main_ctl.o
 .debug_macinfo
                0x0000000000000001        0x1 LoxDevices THUMB Debug/ctl_fifo.o
 .debug_macinfo
                0x0000000000000002        0x1 LoxDevices THUMB Debug/STM32_ctl.o
 .debug_macinfo
                0x0000000000000003        0x1 LoxDevices THUMB Debug/STM32_ctl_board.o
 .debug_macinfo
                0x0000000000000004        0x1 LoxDevices THUMB Debug/ctl.o
 .debug_macinfo
                0x0000000000000005        0x1 LoxDevices THUMB Debug/ctl_libc.o
 .debug_macinfo
                0x0000000000000006        0x1 LoxDevices THUMB Debug/ctl_evt.o

.debug_pubnames
                0x0000000000000000      0x8b4
 .debug_pubnames
                0x0000000000000000       0xd5 LoxDevices THUMB Debug/main_ctl.o
 .debug_pubnames
                0x00000000000000d5       0xe4 LoxDevices THUMB Debug/ctl_fifo.o
 .debug_pubnames
                0x00000000000001b9      0x1c4 LoxDevices THUMB Debug/STM32_ctl.o
 .debug_pubnames
                0x000000000000037d       0xeb LoxDevices THUMB Debug/STM32_ctl_board.o
 .debug_pubnames
                0x0000000000000468      0x274 LoxDevices THUMB Debug/ctl.o
 .debug_pubnames
                0x00000000000006dc       0xdf LoxDevices THUMB Debug/ctl_libc.o
 .debug_pubnames
                0x00000000000007bb       0xf9 LoxDevices THUMB Debug/ctl_evt.o

.debug_pubtypes
                0x0000000000000000      0x4b9
 .debug_pubtypes
                0x0000000000000000       0xe7 LoxDevices THUMB Debug/main_ctl.o
 .debug_pubtypes
                0x00000000000000e7       0x90 LoxDevices THUMB Debug/ctl_fifo.o
 .debug_pubtypes
                0x0000000000000177       0xd0 LoxDevices THUMB Debug/STM32_ctl.o
 .debug_pubtypes
                0x0000000000000247       0xb6 LoxDevices THUMB Debug/STM32_ctl_board.o
 .debug_pubtypes
                0x00000000000002fd       0xaa LoxDevices THUMB Debug/ctl.o
 .debug_pubtypes
                0x00000000000003a7       0x49 LoxDevices THUMB Debug/ctl_libc.o
 .debug_pubtypes
                0x00000000000003f0       0xc9 LoxDevices THUMB Debug/ctl_evt.o

.comment        0x0000000000000000       0x70
 .comment       0x0000000000000000       0x2d LoxDevices THUMB Debug/main_ctl.o
                                         0x2e (size before relaxing)
 .comment       0x000000000000002d       0x2e LoxDevices THUMB Debug/ctl_fifo.o
 .comment       0x000000000000002d       0x2e LoxDevices THUMB Debug/STM32_ctl.o
 .comment       0x000000000000002d       0x2e LoxDevices THUMB Debug/STM32_ctl_board.o
 .comment       0x000000000000002d       0x2e LoxDevices THUMB Debug/ctl.o
 .comment       0x000000000000002d       0x2e LoxDevices THUMB Debug/ctl_libc.o
 .comment       0x000000000000002d       0x2e LoxDevices THUMB Debug/ctl_evt.o
 .comment       0x000000000000002d       0x43 /Applications/CrossWorks for ARM 4.4/lib/libdebugio_mempoll_v7m_t_le_eabi.a(mempoll_debug_operations.o)
                                         0x44 (size before relaxing)

.note.GNU-stack
                0x0000000000000000        0x0
 .note.GNU-stack
                0x0000000000000000        0x0 LoxDevices THUMB Debug/main_ctl.o
 .note.GNU-stack
                0x0000000000000000        0x0 LoxDevices THUMB Debug/ctl_fifo.o
 .note.GNU-stack
                0x0000000000000000        0x0 LoxDevices THUMB Debug/STM32_ctl.o
 .note.GNU-stack
                0x0000000000000000        0x0 LoxDevices THUMB Debug/STM32_ctl_board.o
 .note.GNU-stack
                0x0000000000000000        0x0 LoxDevices THUMB Debug/ctl.o
 .note.GNU-stack
                0x0000000000000000        0x0 LoxDevices THUMB Debug/ctl_libc.o
 .note.GNU-stack
                0x0000000000000000        0x0 LoxDevices THUMB Debug/ctl_evt.o

.ARM.attributes
                0x0000000000000000       0x35
 .ARM.attributes
                0x0000000000000000       0x41 LoxDevices THUMB Debug/main_ctl.o
 .ARM.attributes
                0x0000000000000041       0x41 LoxDevices THUMB Debug/ctl_fifo.o
 .ARM.attributes
                0x0000000000000082       0x21 LoxDevices THUMB Debug/thumb_crt0.o
 .ARM.attributes
                0x00000000000000a3       0x41 LoxDevices THUMB Debug/STM32_ctl.o
 .ARM.attributes
                0x00000000000000e4       0x41 LoxDevices THUMB Debug/STM32_ctl_board.o
 .ARM.attributes
                0x0000000000000125       0x41 LoxDevices THUMB Debug/ctl.o
 .ARM.attributes
                0x0000000000000166       0x41 LoxDevices THUMB Debug/ctl_libc.o
 .ARM.attributes
                0x00000000000001a7       0x41 LoxDevices THUMB Debug/ctl_evt.o
 .ARM.attributes
                0x00000000000001e8       0x21 LoxDevices THUMB Debug/ctl_cm3.o
 .ARM.attributes
                0x0000000000000209       0x21 LoxDevices THUMB Debug/STM32_Startup.o
 .ARM.attributes
                0x000000000000022a       0x1b /Applications/CrossWorks for ARM 4.4/lib/libc_v7m_t_le_eabi.a(libc2_asm.o)
 .ARM.attributes
                0x0000000000000245       0x1b /Applications/CrossWorks for ARM 4.4/lib/libdebugio_v7m_t_le_eabi.a(libdebugio_asm.o)
 .ARM.attributes
                0x0000000000000260       0x2d /Applications/CrossWorks for ARM 4.4/lib/libdebugio_mempoll_v7m_t_le_eabi.a(mempoll_debug_operations.o)

.debug_line     0x0000000000000000     0x185d
 .debug_line    0x0000000000000000      0x1ce LoxDevices THUMB Debug/main_ctl.o
 .debug_line    0x00000000000001ce      0x26c LoxDevices THUMB Debug/ctl_fifo.o
 .debug_line    0x000000000000043a      0x1d3 LoxDevices THUMB Debug/thumb_crt0.o
 .debug_line    0x000000000000060d      0x434 LoxDevices THUMB Debug/STM32_ctl.o
 .debug_line    0x0000000000000a41      0x326 LoxDevices THUMB Debug/STM32_ctl_board.o
 .debug_line    0x0000000000000d67      0x44b LoxDevices THUMB Debug/ctl.o
 .debug_line    0x00000000000011b2      0x1d6 LoxDevices THUMB Debug/ctl_libc.o
 .debug_line    0x0000000000001388      0x2a8 LoxDevices THUMB Debug/ctl_evt.o
 .debug_line    0x0000000000001630      0x11b LoxDevices THUMB Debug/ctl_cm3.o
 .debug_line    0x000000000000174b      0x112 LoxDevices THUMB Debug/STM32_Startup.o
